// Jest Snapshot v1, https://goo.gl/fbAQLP

exports[`<App /> should render <App /> correctly 1`] = `
<ThemeConfig>
  <WithStyles(CssBaseline) />
  <Memo(l) />
  <BrowserRouter>
    <Layout />
  </BrowserRouter>
</ThemeConfig>
`;
