// Jest Snapshot v1, https://goo.gl/fbAQLP

exports[`<SkipButton /> should render <SkipButton /> correctly 1`] = `
<Styled(WithStyles(ForwardRef(IconButton)))
  aria-label="Skip current timer"
  disabled={false}
  onClick={[Function]}
  size="small"
>
  <Memo([object Object]) />
</Styled(WithStyles(ForwardRef(IconButton)))>
`;
